
> trip-photo-archive@1.0.0 build
> vite build

[36mvite v8.0.0 [32mbuilding client environment for production...[36m[39m
[2K
transforming...Γ£ô 15 modules transformed.
node.exe : [31mΓ£ù[39m 
Build failed in 116ms
At line:1 char:1
+ & "C:\Program 
Files\nodejs/node.exe" 
"C:\Program 
Files\nodejs/node_mo ...
+ ~~~~~~~~~~~~~~~~~~~~~~~~~
~~~~~~~~~~~~~~~~~~~~~~~~~~~
~~~~~~~~~~~~~~~~~
    + CategoryInfo         
     : NotSpecified: ([3  
  1mΓ£ù[39m Build faile   
 d in 116ms:String) [],    
 RemoteException
    + FullyQualifiedErrorI 
   d : NativeCommandError
 
[31merror during build:
[31mBuild failed with 1 
error:

[31m[builtin:vite-transfor
m] Error:[0m Unexpected 
token. Did you mean 
`{'}'}` or `&rbrace;`?
     [38;5;246mΓò¡[0m[38
;5;246mΓöÇ[0m[38;5;246m[
[0m src/App.jsx:716:14 
[38;5;246m][0m
     [38;5;246mΓöé[0m
 [38;5;246m716 Γöé[0m 
[38;5;249m 
[0m[38;5;249m 
[0m[38;5;249m 
[0m[38;5;249m 
[0m[38;5;249m 
[0m[38;5;249m 
[0m[38;5;249m 
[0m[38;5;249m 
[0m[38;5;249m 
[0m[38;5;249m 
[0m[38;5;249m 
[0m[38;5;249m [0m[38;5;
249m)[0m[38;5;249m}[0m
 [38;5;240m    Γöé[0m    
          Γöé 
 [38;5;240m    Γöé[0m    
          Γò░ΓöÇ 
[38;5;246mΓöÇΓöÇΓöÇΓöÇΓöÇΓ
ò»[0m
[31m
    at aggregateBindingErro
rsIntoJsError (file:///C:/U
sers/showb/Desktop/Trip-Pho
to-Archive/node_modules/rol
ldown/dist/shared/error-CP8
smW_P.mjs:48:18)
    at unwrapBindingResult 
(file:///C:/Users/showb/Des
ktop/Trip-Photo-Archive/nod
e_modules/rolldown/dist/sha
red/error-CP8smW_P.mjs:18:1
28)
    at #build (file:///C:/U
sers/showb/Desktop/Trip-Pho
to-Archive/node_modules/rol
ldown/dist/shared/rolldown-
build-4YnQkA76.mjs:3311:34)
    at async 
buildEnvironment (file:///C
:/Users/showb/Desktop/Trip-
Photo-Archive/node_modules/
vite/dist/node/chunks/node.
js:32794:64)
    at async Object.build (
file:///C:/Users/showb/Desk
top/Trip-Photo-Archive/node
_modules/vite/dist/node/chu
nks/node.js:33216:19)
    at async 
Object.buildApp (file:///C:
/Users/showb/Desktop/Trip-P
hoto-Archive/node_modules/v
ite/dist/node/chunks/node.j
s:33213:153)
    at async 
CAC.<anonymous> (file:///C:
/Users/showb/Desktop/Trip-P
hoto-Archive/node_modules/v
ite/dist/node/cli.js:778:3)
 {
  errors: [Getter/Setter]
}[39m
